[error] Failed to fetch Firebase Project from Studio Workspace because WORKSPACE_SLUG environment variable is empty
[error] Failed to fetch Firebase Project from Studio Workspace because WORKSPACE_SLUG environment variable is empty
[error] Failed to fetch Firebase Project from Studio Workspace because WORKSPACE_SLUG environment variable is empty
[error] Failed to fetch Firebase Project from Studio Workspace because WORKSPACE_SLUG environment variable is empty
[debug] [2026-02-04T13:33:06.053Z] > command requires scopes: ["email","openid","https://www.googleapis.com/auth/cloudplatformprojects.readonly","https://www.googleapis.com/auth/firebase","https://www.googleapis.com/auth/cloud-platform","https://www.googleapis.com/auth/userinfo.email"]
[debug] [2026-02-04T13:33:06.056Z] > command requires scopes: ["email","openid","https://www.googleapis.com/auth/cloudplatformprojects.readonly","https://www.googleapis.com/auth/firebase","https://www.googleapis.com/auth/cloud-platform","https://www.googleapis.com/auth/userinfo.email"]
[error] Failed to fetch Firebase Project from Studio Workspace because WORKSPACE_SLUG environment variable is empty
[error] Failed to fetch Firebase Project from Studio Workspace because WORKSPACE_SLUG environment variable is empty
[error] Failed to fetch Firebase Project from Studio Workspace because WORKSPACE_SLUG environment variable is empty
[error] Failed to fetch Firebase Project from Studio Workspace because WORKSPACE_SLUG environment variable is empty
[debug] [2026-02-04T13:34:06.048Z] > command requires scopes: ["email","openid","https://www.googleapis.com/auth/cloudplatformprojects.readonly","https://www.googleapis.com/auth/firebase","https://www.googleapis.com/auth/cloud-platform","https://www.googleapis.com/auth/userinfo.email"]
[debug] [2026-02-04T13:34:06.049Z] > command requires scopes: ["email","openid","https://www.googleapis.com/auth/cloudplatformprojects.readonly","https://www.googleapis.com/auth/firebase","https://www.googleapis.com/auth/cloud-platform","https://www.googleapis.com/auth/userinfo.email"]
[error] Failed to fetch Firebase Project from Studio Workspace because WORKSPACE_SLUG environment variable is empty
[error] Failed to fetch Firebase Project from Studio Workspace because WORKSPACE_SLUG environment variable is empty
[error] Failed to fetch Firebase Project from Studio Workspace because WORKSPACE_SLUG environment variable is empty
[debug] [2026-02-04T13:34:12.887Z] > command requires scopes: ["email","openid","https://www.googleapis.com/auth/cloudplatformprojects.readonly","https://www.googleapis.com/auth/firebase","https://www.googleapis.com/auth/cloud-platform","https://www.googleapis.com/auth/userinfo.email"]
[error] Failed to fetch Firebase Project from Studio Workspace because WORKSPACE_SLUG environment variable is empty
[error] Failed to fetch Firebase Project from Studio Workspace because WORKSPACE_SLUG environment variable is empty
[error] Failed to fetch Firebase Project from Studio Workspace because WORKSPACE_SLUG environment variable is empty
[debug] [2026-02-04T13:34:12.901Z] > command requires scopes: ["email","openid","https://www.googleapis.com/auth/cloudplatformprojects.readonly","https://www.googleapis.com/auth/firebase","https://www.googleapis.com/auth/cloud-platform","https://www.googleapis.com/auth/userinfo.email"]
[error] Failed to fetch Firebase Project from Studio Workspace because WORKSPACE_SLUG environment variable is empty
[error] Failed to fetch Firebase Project from Studio Workspace because WORKSPACE_SLUG environment variable is empty
[error] Failed to fetch Firebase Project from Studio Workspace because WORKSPACE_SLUG environment variable is empty
[debug] [2026-02-04T13:34:12.903Z] > command requires scopes: ["email","openid","https://www.googleapis.com/auth/cloudplatformprojects.readonly","https://www.googleapis.com/auth/firebase","https://www.googleapis.com/auth/cloud-platform","https://www.googleapis.com/auth/userinfo.email"]
[error] Failed to fetch Firebase Project from Studio Workspace because WORKSPACE_SLUG environment variable is empty
[error] Failed to fetch Firebase Project from Studio Workspace because WORKSPACE_SLUG environment variable is empty
[error] Failed to fetch Firebase Project from Studio Workspace because WORKSPACE_SLUG environment variable is empty
[debug] [2026-02-04T13:34:15.035Z] > command requires scopes: ["email","openid","https://www.googleapis.com/auth/cloudplatformprojects.readonly","https://www.googleapis.com/auth/firebase","https://www.googleapis.com/auth/cloud-platform","https://www.googleapis.com/auth/userinfo.email"]
[debug] [2026-02-04T13:34:15.036Z] > command requires scopes: ["email","openid","https://www.googleapis.com/auth/cloudplatformprojects.readonly","https://www.googleapis.com/auth/firebase","https://www.googleapis.com/auth/cloud-platform","https://www.googleapis.com/auth/userinfo.email"]
[debug] [2026-02-04T13:34:15.036Z] > command requires scopes: ["email","openid","https://www.googleapis.com/auth/cloudplatformprojects.readonly","https://www.googleapis.com/auth/firebase","https://www.googleapis.com/auth/cloud-platform","https://www.googleapis.com/auth/userinfo.email"]
[error] Failed to fetch Firebase Project from Studio Workspace because WORKSPACE_SLUG environment variable is empty
[error] Failed to fetch Firebase Project from Studio Workspace because WORKSPACE_SLUG environment variable is empty
[error] Failed to fetch Firebase Project from Studio Workspace because WORKSPACE_SLUG environment variable is empty
[error] Failed to fetch Firebase Project from Studio Workspace because WORKSPACE_SLUG environment variable is empty
[debug] [2026-02-04T14:25:42.514Z] > command requires scopes: ["email","openid","https://www.googleapis.com/auth/cloudplatformprojects.readonly","https://www.googleapis.com/auth/firebase","https://www.googleapis.com/auth/cloud-platform","https://www.googleapis.com/auth/userinfo.email"]
[debug] [2026-02-04T14:25:42.516Z] > command requires scopes: ["email","openid","https://www.googleapis.com/auth/cloudplatformprojects.readonly","https://www.googleapis.com/auth/firebase","https://www.googleapis.com/auth/cloud-platform","https://www.googleapis.com/auth/userinfo.email"]
[error] Failed to fetch Firebase Project from Studio Workspace because WORKSPACE_SLUG environment variable is empty
[error] Failed to fetch Firebase Project from Studio Workspace because WORKSPACE_SLUG environment variable is empty
[error] Failed to fetch Firebase Project from Studio Workspace because WORKSPACE_SLUG environment variable is empty
[error] Failed to fetch Firebase Project from Studio Workspace because WORKSPACE_SLUG environment variable is empty
[debug] [2026-02-04T14:26:42.509Z] > command requires scopes: ["email","openid","https://www.googleapis.com/auth/cloudplatformprojects.readonly","https://www.googleapis.com/auth/firebase","https://www.googleapis.com/auth/cloud-platform","https://www.googleapis.com/auth/userinfo.email"]
[debug] [2026-02-04T14:26:42.509Z] > command requires scopes: ["email","openid","https://www.googleapis.com/auth/cloudplatformprojects.readonly","https://www.googleapis.com/auth/firebase","https://www.googleapis.com/auth/cloud-platform","https://www.googleapis.com/auth/userinfo.email"]
[debug] [2026-02-04T14:27:59.871Z] Running auto auth
[debug] [2026-02-04T14:27:59.872Z] Running auto auth
[debug] [2026-02-04T14:27:59.872Z] Running auto auth
[debug] [2026-02-04T14:27:59.872Z] Running auto auth
[error] Failed to fetch Firebase Project from Studio Workspace because WORKSPACE_SLUG environment variable is empty
[error] Failed to fetch Firebase Project from Studio Workspace because WORKSPACE_SLUG environment variable is empty
[error] Failed to fetch Firebase Project from Studio Workspace because WORKSPACE_SLUG environment variable is empty
[debug] [2026-02-04T14:28:00.015Z] > command requires scopes: ["email","openid","https://www.googleapis.com/auth/cloudplatformprojects.readonly","https://www.googleapis.com/auth/firebase","https://www.googleapis.com/auth/cloud-platform","https://www.googleapis.com/auth/userinfo.email"]
[debug] [2026-02-04T14:28:00.015Z] > authorizing via signed-in user (son2web@gmail.com)
[error] Failed to fetch Firebase Project from Studio Workspace because WORKSPACE_SLUG environment variable is empty
[debug] [2026-02-04T14:28:00.022Z] > command requires scopes: ["email","openid","https://www.googleapis.com/auth/cloudplatformprojects.readonly","https://www.googleapis.com/auth/firebase","https://www.googleapis.com/auth/cloud-platform","https://www.googleapis.com/auth/userinfo.email"]
[debug] [2026-02-04T14:28:00.022Z] > authorizing via signed-in user (son2web@gmail.com)
[error] Failed to fetch Firebase Project from Studio Workspace because WORKSPACE_SLUG environment variable is empty
[error] Failed to fetch Firebase Project from Studio Workspace because WORKSPACE_SLUG environment variable is empty
[error] Failed to fetch Firebase Project from Studio Workspace because WORKSPACE_SLUG environment variable is empty
[debug] [2026-02-04T14:28:00.030Z] > command requires scopes: ["email","openid","https://www.googleapis.com/auth/cloudplatformprojects.readonly","https://www.googleapis.com/auth/firebase","https://www.googleapis.com/auth/cloud-platform","https://www.googleapis.com/auth/userinfo.email"]
[debug] [2026-02-04T14:28:00.030Z] > authorizing via signed-in user (son2web@gmail.com)
[error] Failed to fetch Firebase Project from Studio Workspace because WORKSPACE_SLUG environment variable is empty
[debug] [2026-02-04T14:28:00.031Z] > command requires scopes: ["email","openid","https://www.googleapis.com/auth/cloudplatformprojects.readonly","https://www.googleapis.com/auth/firebase","https://www.googleapis.com/auth/cloud-platform","https://www.googleapis.com/auth/userinfo.email"]
[debug] [2026-02-04T14:28:00.031Z] > authorizing via signed-in user (son2web@gmail.com)
[error] Failed to fetch Firebase Project from Studio Workspace because WORKSPACE_SLUG environment variable is empty
[error] Failed to fetch Firebase Project from Studio Workspace because WORKSPACE_SLUG environment variable is empty
[error] Failed to fetch Firebase Project from Studio Workspace because WORKSPACE_SLUG environment variable is empty
[debug] [2026-02-04T14:28:00.033Z] > command requires scopes: ["email","openid","https://www.googleapis.com/auth/cloudplatformprojects.readonly","https://www.googleapis.com/auth/firebase","https://www.googleapis.com/auth/cloud-platform","https://www.googleapis.com/auth/userinfo.email"]
[debug] [2026-02-04T14:28:00.033Z] > authorizing via signed-in user (son2web@gmail.com)
[error] Failed to fetch Firebase Project from Studio Workspace because WORKSPACE_SLUG environment variable is empty
[debug] [2026-02-04T14:28:00.034Z] > command requires scopes: ["email","openid","https://www.googleapis.com/auth/cloudplatformprojects.readonly","https://www.googleapis.com/auth/firebase","https://www.googleapis.com/auth/cloud-platform","https://www.googleapis.com/auth/userinfo.email"]
[debug] [2026-02-04T14:28:00.034Z] > authorizing via signed-in user (son2web@gmail.com)
[error] Failed to fetch Firebase Project from Studio Workspace because WORKSPACE_SLUG environment variable is empty
[error] Failed to fetch Firebase Project from Studio Workspace because WORKSPACE_SLUG environment variable is empty
[error] Failed to fetch Firebase Project from Studio Workspace because WORKSPACE_SLUG environment variable is empty
[debug] [2026-02-04T14:28:23.177Z] > command requires scopes: ["email","openid","https://www.googleapis.com/auth/cloudplatformprojects.readonly","https://www.googleapis.com/auth/firebase","https://www.googleapis.com/auth/cloud-platform","https://www.googleapis.com/auth/userinfo.email"]
[debug] [2026-02-04T14:28:23.177Z] > authorizing via signed-in user (son2web@gmail.com)
[error] Failed to fetch Firebase Project from Studio Workspace because WORKSPACE_SLUG environment variable is empty
[debug] [2026-02-04T14:28:23.182Z] > command requires scopes: ["email","openid","https://www.googleapis.com/auth/cloudplatformprojects.readonly","https://www.googleapis.com/auth/firebase","https://www.googleapis.com/auth/cloud-platform","https://www.googleapis.com/auth/userinfo.email"]
[debug] [2026-02-04T14:28:23.182Z] > authorizing via signed-in user (son2web@gmail.com)
[error] Failed to fetch Firebase Project from Studio Workspace because WORKSPACE_SLUG environment variable is empty
[error] Failed to fetch Firebase Project from Studio Workspace because WORKSPACE_SLUG environment variable is empty
[error] Failed to fetch Firebase Project from Studio Workspace because WORKSPACE_SLUG environment variable is empty
[error] Failed to fetch Firebase Project from Studio Workspace because WORKSPACE_SLUG environment variable is empty
[error] Failed to fetch Firebase Project from Studio Workspace because WORKSPACE_SLUG environment variable is empty
[error] Failed to fetch Firebase Project from Studio Workspace because WORKSPACE_SLUG environment variable is empty
[debug] [2026-02-04T14:28:23.208Z] > command requires scopes: ["email","openid","https://www.googleapis.com/auth/cloudplatformprojects.readonly","https://www.googleapis.com/auth/firebase","https://www.googleapis.com/auth/cloud-platform","https://www.googleapis.com/auth/userinfo.email"]
[debug] [2026-02-04T14:28:23.209Z] > authorizing via signed-in user (son2web@gmail.com)
[debug] [2026-02-04T14:28:23.209Z] > command requires scopes: ["email","openid","https://www.googleapis.com/auth/cloudplatformprojects.readonly","https://www.googleapis.com/auth/firebase","https://www.googleapis.com/auth/cloud-platform","https://www.googleapis.com/auth/userinfo.email"]
[debug] [2026-02-04T14:28:23.209Z] > authorizing via signed-in user (son2web@gmail.com)
[error] Failed to fetch Firebase Project from Studio Workspace because WORKSPACE_SLUG environment variable is empty
[error] Failed to fetch Firebase Project from Studio Workspace because WORKSPACE_SLUG environment variable is empty
[debug] [2026-02-04T14:28:23.210Z] > command requires scopes: ["email","openid","https://www.googleapis.com/auth/cloudplatformprojects.readonly","https://www.googleapis.com/auth/firebase","https://www.googleapis.com/auth/cloud-platform","https://www.googleapis.com/auth/userinfo.email"]
[debug] [2026-02-04T14:28:23.210Z] > authorizing via signed-in user (son2web@gmail.com)
[debug] [2026-02-04T14:28:23.211Z] > command requires scopes: ["email","openid","https://www.googleapis.com/auth/cloudplatformprojects.readonly","https://www.googleapis.com/auth/firebase","https://www.googleapis.com/auth/cloud-platform","https://www.googleapis.com/auth/userinfo.email"]
[debug] [2026-02-04T14:28:23.211Z] > authorizing via signed-in user (son2web@gmail.com)
[error] Failed to fetch Firebase Project from Studio Workspace because WORKSPACE_SLUG environment variable is empty
[error] Failed to fetch Firebase Project from Studio Workspace because WORKSPACE_SLUG environment variable is empty
[debug] [2026-02-04T14:28:28.587Z] > command requires scopes: ["email","openid","https://www.googleapis.com/auth/cloudplatformprojects.readonly","https://www.googleapis.com/auth/firebase","https://www.googleapis.com/auth/cloud-platform","https://www.googleapis.com/auth/userinfo.email"]
[debug] [2026-02-04T14:28:28.587Z] > authorizing via signed-in user (son2web@gmail.com)
[error] Failed to fetch Firebase Project from Studio Workspace because WORKSPACE_SLUG environment variable is empty
[error] Failed to fetch Firebase Project from Studio Workspace because WORKSPACE_SLUG environment variable is empty
[debug] [2026-02-04T14:28:28.590Z] > command requires scopes: ["email","openid","https://www.googleapis.com/auth/cloudplatformprojects.readonly","https://www.googleapis.com/auth/firebase","https://www.googleapis.com/auth/cloud-platform","https://www.googleapis.com/auth/userinfo.email"]
[debug] [2026-02-04T14:28:28.590Z] > authorizing via signed-in user (son2web@gmail.com)
[info] 
=== Hosting Setup Actuation
[debug] [2026-02-04T14:28:28.599Z] >>> [apiv2][query] GET https://www.gstatic.com/firebasejs/releases.json [none]
[debug] [2026-02-04T14:28:28.649Z] <<< [apiv2][status] GET https://www.gstatic.com/firebasejs/releases.json 200
[debug] [2026-02-04T14:28:28.649Z] <<< [apiv2][body] GET https://www.gstatic.com/firebasejs/releases.json {"current":{"version":"12.8.0","browserURL":"https://www.gstatic.com/firebasejs/12.8.0/firebase.js","packageURL":"https://www.gstatic.com/firebasejs/12.8.0/firebase.tgz"},"live":{"version":"12.8","browserURL":"https://www.gstatic.com/firebasejs/live/12.8/firebase.js","packageURL":"https://www.gstatic.com/firebasejs/live/12.8/firebase.tgz"},"components":{"ai":"https://www.gstatic.com/firebasejs/12.8.0/firebase-ai.js","analytics":"https://www.gstatic.com/firebasejs/12.8.0/firebase-analytics.js","app":"https://www.gstatic.com/firebasejs/12.8.0/firebase-app.js","app-check":"https://www.gstatic.com/firebasejs/12.8.0/firebase-app-check.js","auth":"https://www.gstatic.com/firebasejs/12.8.0/firebase-auth.js","auth/cordova":"https://www.gstatic.com/firebasejs/12.8.0/firebase-auth/cordova.js","auth/web-extension":"https://www.gstatic.com/firebasejs/12.8.0/firebase-auth/web-extension.js","functions":"https://www.gstatic.com/firebasejs/12.8.0/firebase-functions.js","firestore":"https://www.gstatic.com/firebasejs/12.8.0/firebase-firestore.js","firestore/lite":"https://www.gstatic.com/firebasejs/12.8.0/firebase-firestore/lite.js","firestore/pipelines":"https://www.gstatic.com/firebasejs/12.8.0/firebase-firestore/pipelines.js","firestore/lite/pipelines":"https://www.gstatic.com/firebasejs/12.8.0/firebase-firestore/lite/pipelines.js","installations":"https://www.gstatic.com/firebasejs/12.8.0/firebase-installations.js","storage":"https://www.gstatic.com/firebasejs/12.8.0/firebase-storage.js","performance":"https://www.gstatic.com/firebasejs/12.8.0/firebase-performance.js","remote-config":"https://www.gstatic.com/firebasejs/12.8.0/firebase-remote-config.js","messaging":"https://www.gstatic.com/firebasejs/12.8.0/firebase-messaging.js","messaging/sw":"https://www.gstatic.com/firebasejs/12.8.0/firebase-messaging/sw.js","database":"https://www.gstatic.com/firebasejs/12.8.0/firebase-database.js","data-connect":"https://www.gstatic.com/firebasejs/12.8.0/firebase-data-connect.js","firestore.memory":"https://www.gstatic.com/firebasejs/12.8.0/firebase-firestore.memory.js"}}
[info] ✔  Wrote ./index.html 
[info] ✔  Wrote configuration info to firebase.json 
[info] ✔  Wrote project information to .firebaserc 
[error] Failed to fetch Firebase Project from Studio Workspace because WORKSPACE_SLUG environment variable is empty
[error] Failed to fetch Firebase Project from Studio Workspace because WORKSPACE_SLUG environment variable is empty
[error] Failed to fetch Firebase Project from Studio Workspace because WORKSPACE_SLUG environment variable is empty
[error] Failed to fetch Firebase Project from Studio Workspace because WORKSPACE_SLUG environment variable is empty
[debug] [2026-02-04T14:40:57.993Z] > command requires scopes: ["email","openid","https://www.googleapis.com/auth/cloudplatformprojects.readonly","https://www.googleapis.com/auth/firebase","https://www.googleapis.com/auth/cloud-platform","https://www.googleapis.com/auth/userinfo.email"]
[debug] [2026-02-04T14:40:57.994Z] > authorizing via signed-in user (son2web@gmail.com)
[debug] [2026-02-04T14:40:58.021Z] > command requires scopes: ["email","openid","https://www.googleapis.com/auth/cloudplatformprojects.readonly","https://www.googleapis.com/auth/firebase","https://www.googleapis.com/auth/cloud-platform","https://www.googleapis.com/auth/userinfo.email"]
[debug] [2026-02-04T14:40:58.022Z] > authorizing via signed-in user (son2web@gmail.com)
[error] Failed to fetch Firebase Project from Studio Workspace because WORKSPACE_SLUG environment variable is empty
[error] Failed to fetch Firebase Project from Studio Workspace because WORKSPACE_SLUG environment variable is empty
[error] Failed to fetch Firebase Project from Studio Workspace because WORKSPACE_SLUG environment variable is empty
[debug] [2026-02-04T14:40:58.051Z] > command requires scopes: ["email","openid","https://www.googleapis.com/auth/cloudplatformprojects.readonly","https://www.googleapis.com/auth/firebase","https://www.googleapis.com/auth/cloud-platform","https://www.googleapis.com/auth/userinfo.email"]
[debug] [2026-02-04T14:40:58.051Z] > authorizing via signed-in user (son2web@gmail.com)
[error] Failed to fetch Firebase Project from Studio Workspace because WORKSPACE_SLUG environment variable is empty
[debug] [2026-02-04T14:40:58.053Z] > command requires scopes: ["email","openid","https://www.googleapis.com/auth/cloudplatformprojects.readonly","https://www.googleapis.com/auth/firebase","https://www.googleapis.com/auth/cloud-platform","https://www.googleapis.com/auth/userinfo.email"]
[debug] [2026-02-04T14:40:58.053Z] > authorizing via signed-in user (son2web@gmail.com)
[error] Failed to fetch Firebase Project from Studio Workspace because WORKSPACE_SLUG environment variable is empty
[error] Failed to fetch Firebase Project from Studio Workspace because WORKSPACE_SLUG environment variable is empty
[error] Failed to fetch Firebase Project from Studio Workspace because WORKSPACE_SLUG environment variable is empty
[debug] [2026-02-04T14:40:58.084Z] > command requires scopes: ["email","openid","https://www.googleapis.com/auth/cloudplatformprojects.readonly","https://www.googleapis.com/auth/firebase","https://www.googleapis.com/auth/cloud-platform","https://www.googleapis.com/auth/userinfo.email"]
[debug] [2026-02-04T14:40:58.084Z] > authorizing via signed-in user (son2web@gmail.com)
[error] Failed to fetch Firebase Project from Studio Workspace because WORKSPACE_SLUG environment variable is empty
[debug] [2026-02-04T14:40:58.087Z] > command requires scopes: ["email","openid","https://www.googleapis.com/auth/cloudplatformprojects.readonly","https://www.googleapis.com/auth/firebase","https://www.googleapis.com/auth/cloud-platform","https://www.googleapis.com/auth/userinfo.email"]
[debug] [2026-02-04T14:40:58.087Z] > authorizing via signed-in user (son2web@gmail.com)
[error] Failed to fetch Firebase Project from Studio Workspace because WORKSPACE_SLUG environment variable is empty
[error] Failed to fetch Firebase Project from Studio Workspace because WORKSPACE_SLUG environment variable is empty
[error] Failed to fetch Firebase Project from Studio Workspace because WORKSPACE_SLUG environment variable is empty
[debug] [2026-02-04T14:40:58.096Z] > command requires scopes: ["email","openid","https://www.googleapis.com/auth/cloudplatformprojects.readonly","https://www.googleapis.com/auth/firebase","https://www.googleapis.com/auth/cloud-platform","https://www.googleapis.com/auth/userinfo.email"]
[debug] [2026-02-04T14:40:58.096Z] > authorizing via signed-in user (son2web@gmail.com)
[error] Failed to fetch Firebase Project from Studio Workspace because WORKSPACE_SLUG environment variable is empty
[debug] [2026-02-04T14:40:58.098Z] > command requires scopes: ["email","openid","https://www.googleapis.com/auth/cloudplatformprojects.readonly","https://www.googleapis.com/auth/firebase","https://www.googleapis.com/auth/cloud-platform","https://www.googleapis.com/auth/userinfo.email"]
[debug] [2026-02-04T14:40:58.098Z] > authorizing via signed-in user (son2web@gmail.com)
[error] Failed to fetch Firebase Project from Studio Workspace because WORKSPACE_SLUG environment variable is empty
[error] Failed to fetch Firebase Project from Studio Workspace because WORKSPACE_SLUG environment variable is empty
[error] Failed to fetch Firebase Project from Studio Workspace because WORKSPACE_SLUG environment variable is empty
[error] Failed to fetch Firebase Project from Studio Workspace because WORKSPACE_SLUG environment variable is empty
[debug] [2026-02-04T14:42:59.277Z] > command requires scopes: ["email","openid","https://www.googleapis.com/auth/cloudplatformprojects.readonly","https://www.googleapis.com/auth/firebase","https://www.googleapis.com/auth/cloud-platform","https://www.googleapis.com/auth/userinfo.email"]
[debug] [2026-02-04T14:42:59.278Z] > authorizing via signed-in user (son2web@gmail.com)
[debug] [2026-02-04T14:42:59.298Z] > command requires scopes: ["email","openid","https://www.googleapis.com/auth/cloudplatformprojects.readonly","https://www.googleapis.com/auth/firebase","https://www.googleapis.com/auth/cloud-platform","https://www.googleapis.com/auth/userinfo.email"]
[debug] [2026-02-04T14:42:59.299Z] > authorizing via signed-in user (son2web@gmail.com)
[error] Failed to fetch Firebase Project from Studio Workspace because WORKSPACE_SLUG environment variable is empty
[error] Failed to fetch Firebase Project from Studio Workspace because WORKSPACE_SLUG environment variable is empty
[error] Failed to fetch Firebase Project from Studio Workspace because WORKSPACE_SLUG environment variable is empty
[debug] [2026-02-04T14:42:59.324Z] > command requires scopes: ["email","openid","https://www.googleapis.com/auth/cloudplatformprojects.readonly","https://www.googleapis.com/auth/firebase","https://www.googleapis.com/auth/cloud-platform","https://www.googleapis.com/auth/userinfo.email"]
[debug] [2026-02-04T14:42:59.325Z] > authorizing via signed-in user (son2web@gmail.com)
[error] Failed to fetch Firebase Project from Studio Workspace because WORKSPACE_SLUG environment variable is empty
[debug] [2026-02-04T14:42:59.326Z] > command requires scopes: ["email","openid","https://www.googleapis.com/auth/cloudplatformprojects.readonly","https://www.googleapis.com/auth/firebase","https://www.googleapis.com/auth/cloud-platform","https://www.googleapis.com/auth/userinfo.email"]
[debug] [2026-02-04T14:42:59.327Z] > authorizing via signed-in user (son2web@gmail.com)
[error] Failed to fetch Firebase Project from Studio Workspace because WORKSPACE_SLUG environment variable is empty
[error] Failed to fetch Firebase Project from Studio Workspace because WORKSPACE_SLUG environment variable is empty
[error] Failed to fetch Firebase Project from Studio Workspace because WORKSPACE_SLUG environment variable is empty
[debug] [2026-02-04T14:42:59.345Z] > command requires scopes: ["email","openid","https://www.googleapis.com/auth/cloudplatformprojects.readonly","https://www.googleapis.com/auth/firebase","https://www.googleapis.com/auth/cloud-platform","https://www.googleapis.com/auth/userinfo.email"]
[debug] [2026-02-04T14:42:59.346Z] > authorizing via signed-in user (son2web@gmail.com)
[error] Failed to fetch Firebase Project from Studio Workspace because WORKSPACE_SLUG environment variable is empty
[debug] [2026-02-04T14:42:59.351Z] > command requires scopes: ["email","openid","https://www.googleapis.com/auth/cloudplatformprojects.readonly","https://www.googleapis.com/auth/firebase","https://www.googleapis.com/auth/cloud-platform","https://www.googleapis.com/auth/userinfo.email"]
[debug] [2026-02-04T14:42:59.351Z] > authorizing via signed-in user (son2web@gmail.com)
[error] Failed to fetch Firebase Project from Studio Workspace because WORKSPACE_SLUG environment variable is empty
[error] Failed to fetch Firebase Project from Studio Workspace because WORKSPACE_SLUG environment variable is empty
[error] Failed to fetch Firebase Project from Studio Workspace because WORKSPACE_SLUG environment variable is empty
[debug] [2026-02-04T14:42:59.360Z] > command requires scopes: ["email","openid","https://www.googleapis.com/auth/cloudplatformprojects.readonly","https://www.googleapis.com/auth/firebase","https://www.googleapis.com/auth/cloud-platform","https://www.googleapis.com/auth/userinfo.email"]
[debug] [2026-02-04T14:42:59.360Z] > authorizing via signed-in user (son2web@gmail.com)
[error] Failed to fetch Firebase Project from Studio Workspace because WORKSPACE_SLUG environment variable is empty
[debug] [2026-02-04T14:42:59.362Z] > command requires scopes: ["email","openid","https://www.googleapis.com/auth/cloudplatformprojects.readonly","https://www.googleapis.com/auth/firebase","https://www.googleapis.com/auth/cloud-platform","https://www.googleapis.com/auth/userinfo.email"]
[debug] [2026-02-04T14:42:59.362Z] > authorizing via signed-in user (son2web@gmail.com)
[error] Failed to fetch Firebase Project from Studio Workspace because WORKSPACE_SLUG environment variable is empty
[error] Failed to fetch Firebase Project from Studio Workspace because WORKSPACE_SLUG environment variable is empty
[error] Failed to fetch Firebase Project from Studio Workspace because WORKSPACE_SLUG environment variable is empty
[error] Failed to fetch Firebase Project from Studio Workspace because WORKSPACE_SLUG environment variable is empty
[debug] [2026-02-04T14:47:24.853Z] > command requires scopes: ["email","openid","https://www.googleapis.com/auth/cloudplatformprojects.readonly","https://www.googleapis.com/auth/firebase","https://www.googleapis.com/auth/cloud-platform","https://www.googleapis.com/auth/userinfo.email"]
[debug] [2026-02-04T14:47:24.854Z] > authorizing via signed-in user (son2web@gmail.com)
[debug] [2026-02-04T14:47:24.878Z] > command requires scopes: ["email","openid","https://www.googleapis.com/auth/cloudplatformprojects.readonly","https://www.googleapis.com/auth/firebase","https://www.googleapis.com/auth/cloud-platform","https://www.googleapis.com/auth/userinfo.email"]
[debug] [2026-02-04T14:47:24.879Z] > authorizing via signed-in user (son2web@gmail.com)
[error] Failed to fetch Firebase Project from Studio Workspace because WORKSPACE_SLUG environment variable is empty
[error] Failed to fetch Firebase Project from Studio Workspace because WORKSPACE_SLUG environment variable is empty
[error] Failed to fetch Firebase Project from Studio Workspace because WORKSPACE_SLUG environment variable is empty
[debug] [2026-02-04T14:47:24.906Z] > command requires scopes: ["email","openid","https://www.googleapis.com/auth/cloudplatformprojects.readonly","https://www.googleapis.com/auth/firebase","https://www.googleapis.com/auth/cloud-platform","https://www.googleapis.com/auth/userinfo.email"]
[debug] [2026-02-04T14:47:24.907Z] > authorizing via signed-in user (son2web@gmail.com)
[error] Failed to fetch Firebase Project from Studio Workspace because WORKSPACE_SLUG environment variable is empty
[debug] [2026-02-04T14:47:24.909Z] > command requires scopes: ["email","openid","https://www.googleapis.com/auth/cloudplatformprojects.readonly","https://www.googleapis.com/auth/firebase","https://www.googleapis.com/auth/cloud-platform","https://www.googleapis.com/auth/userinfo.email"]
[debug] [2026-02-04T14:47:24.909Z] > authorizing via signed-in user (son2web@gmail.com)
[error] Failed to fetch Firebase Project from Studio Workspace because WORKSPACE_SLUG environment variable is empty
[error] Failed to fetch Firebase Project from Studio Workspace because WORKSPACE_SLUG environment variable is empty
[error] Failed to fetch Firebase Project from Studio Workspace because WORKSPACE_SLUG environment variable is empty
[debug] [2026-02-04T14:47:24.931Z] > command requires scopes: ["email","openid","https://www.googleapis.com/auth/cloudplatformprojects.readonly","https://www.googleapis.com/auth/firebase","https://www.googleapis.com/auth/cloud-platform","https://www.googleapis.com/auth/userinfo.email"]
[debug] [2026-02-04T14:47:24.932Z] > authorizing via signed-in user (son2web@gmail.com)
[error] Failed to fetch Firebase Project from Studio Workspace because WORKSPACE_SLUG environment variable is empty
[debug] [2026-02-04T14:47:24.941Z] > command requires scopes: ["email","openid","https://www.googleapis.com/auth/cloudplatformprojects.readonly","https://www.googleapis.com/auth/firebase","https://www.googleapis.com/auth/cloud-platform","https://www.googleapis.com/auth/userinfo.email"]
[debug] [2026-02-04T14:47:24.941Z] > authorizing via signed-in user (son2web@gmail.com)
[error] Failed to fetch Firebase Project from Studio Workspace because WORKSPACE_SLUG environment variable is empty
[error] Failed to fetch Firebase Project from Studio Workspace because WORKSPACE_SLUG environment variable is empty
[error] Failed to fetch Firebase Project from Studio Workspace because WORKSPACE_SLUG environment variable is empty
[debug] [2026-02-04T14:47:24.950Z] > command requires scopes: ["email","openid","https://www.googleapis.com/auth/cloudplatformprojects.readonly","https://www.googleapis.com/auth/firebase","https://www.googleapis.com/auth/cloud-platform","https://www.googleapis.com/auth/userinfo.email"]
[debug] [2026-02-04T14:47:24.950Z] > authorizing via signed-in user (son2web@gmail.com)
[error] Failed to fetch Firebase Project from Studio Workspace because WORKSPACE_SLUG environment variable is empty
[debug] [2026-02-04T14:47:24.952Z] > command requires scopes: ["email","openid","https://www.googleapis.com/auth/cloudplatformprojects.readonly","https://www.googleapis.com/auth/firebase","https://www.googleapis.com/auth/cloud-platform","https://www.googleapis.com/auth/userinfo.email"]
[debug] [2026-02-04T14:47:24.952Z] > authorizing via signed-in user (son2web@gmail.com)
[error] Failed to fetch Firebase Project from Studio Workspace because WORKSPACE_SLUG environment variable is empty
[error] Failed to fetch Firebase Project from Studio Workspace because WORKSPACE_SLUG environment variable is empty
[debug] [2026-02-04T14:59:12.857Z] > command requires scopes: ["email","openid","https://www.googleapis.com/auth/cloudplatformprojects.readonly","https://www.googleapis.com/auth/firebase","https://www.googleapis.com/auth/cloud-platform","https://www.googleapis.com/auth/userinfo.email"]
[debug] [2026-02-04T14:59:12.857Z] > authorizing via signed-in user (son2web@gmail.com)
[error] Failed to fetch Firebase Project from Studio Workspace because WORKSPACE_SLUG environment variable is empty
[error] Failed to fetch Firebase Project from Studio Workspace because WORKSPACE_SLUG environment variable is empty
[error] Failed to fetch Firebase Project from Studio Workspace because WORKSPACE_SLUG environment variable is empty
[debug] [2026-02-04T15:00:41.079Z] > command requires scopes: ["email","openid","https://www.googleapis.com/auth/cloudplatformprojects.readonly","https://www.googleapis.com/auth/firebase","https://www.googleapis.com/auth/cloud-platform","https://www.googleapis.com/auth/userinfo.email"]
[debug] [2026-02-04T15:00:41.079Z] > authorizing via signed-in user (son2web@gmail.com)
[error] Failed to fetch Firebase Project from Studio Workspace because WORKSPACE_SLUG environment variable is empty
[error] Failed to fetch Firebase Project from Studio Workspace because WORKSPACE_SLUG environment variable is empty
[debug] [2026-02-04T15:00:41.081Z] > command requires scopes: ["email","openid","https://www.googleapis.com/auth/cloudplatformprojects.readonly","https://www.googleapis.com/auth/firebase","https://www.googleapis.com/auth/cloud-platform","https://www.googleapis.com/auth/userinfo.email"]
[debug] [2026-02-04T15:00:41.081Z] > authorizing via signed-in user (son2web@gmail.com)
[debug] [2026-02-04T15:00:41.087Z] No OAuth tokens found
[debug] [2026-02-04T15:00:41.088Z] No OAuth tokens found
[debug] [2026-02-04T15:00:41.088Z] > command requires scopes: ["email","openid","https://www.googleapis.com/auth/cloudplatformprojects.readonly","https://www.googleapis.com/auth/firebase","https://www.googleapis.com/auth/cloud-platform","https://www.googleapis.com/auth/userinfo.email"]
[debug] [2026-02-04T15:00:41.088Z] > authorizing via signed-in user (son2web@gmail.com)
[debug] [2026-02-04T15:00:41.092Z] >>> [apiv2][query] GET https://firebase.googleapis.com/v1beta1/projects pageSize=1000
[debug] [2026-02-04T15:00:41.605Z] <<< [apiv2][status] GET https://firebase.googleapis.com/v1beta1/projects 200
[debug] [2026-02-04T15:00:41.605Z] <<< [apiv2][body] GET https://firebase.googleapis.com/v1beta1/projects [omitted]
[error] Failed to fetch Firebase Project from Studio Workspace because WORKSPACE_SLUG environment variable is empty
[error] Failed to fetch Firebase Project from Studio Workspace because WORKSPACE_SLUG environment variable is empty
[debug] [2026-02-04T15:02:10.184Z] > command requires scopes: ["email","openid","https://www.googleapis.com/auth/cloudplatformprojects.readonly","https://www.googleapis.com/auth/firebase","https://www.googleapis.com/auth/cloud-platform","https://www.googleapis.com/auth/userinfo.email"]
[debug] [2026-02-04T15:02:10.184Z] > authorizing via signed-in user (son2web@gmail.com)
[error] Failed to fetch Firebase Project from Studio Workspace because WORKSPACE_SLUG environment variable is empty
[error] Failed to fetch Firebase Project from Studio Workspace because WORKSPACE_SLUG environment variable is empty
[debug] [2026-02-04T15:02:10.185Z] > command requires scopes: ["email","openid","https://www.googleapis.com/auth/cloudplatformprojects.readonly","https://www.googleapis.com/auth/firebase","https://www.googleapis.com/auth/cloud-platform","https://www.googleapis.com/auth/userinfo.email"]
[debug] [2026-02-04T15:02:10.185Z] > authorizing via signed-in user (son2web@gmail.com)
[debug] [2026-02-04T15:02:10.188Z] No OAuth tokens found
[debug] [2026-02-04T15:02:10.189Z] No OAuth tokens found
[debug] [2026-02-04T15:02:10.189Z] > command requires scopes: ["email","openid","https://www.googleapis.com/auth/cloudplatformprojects.readonly","https://www.googleapis.com/auth/firebase","https://www.googleapis.com/auth/cloud-platform","https://www.googleapis.com/auth/userinfo.email"]
[debug] [2026-02-04T15:02:10.189Z] > authorizing via signed-in user (son2web@gmail.com)
[debug] [2026-02-04T15:02:10.189Z] >>> [apiv2][query] GET https://serviceusage.googleapis.com/v1/projects/tetris-42105177-fd88b/services/cloudresourcemanager.googleapis.com [none]
[debug] [2026-02-04T15:02:10.189Z] >>> [apiv2][(partial)header] GET https://serviceusage.googleapis.com/v1/projects/tetris-42105177-fd88b/services/cloudresourcemanager.googleapis.com  x-goog-user-project=tetris-42105177-fd88b
[debug] [2026-02-04T15:02:11.261Z] <<< [apiv2][status] GET https://serviceusage.googleapis.com/v1/projects/tetris-42105177-fd88b/services/cloudresourcemanager.googleapis.com 200
[debug] [2026-02-04T15:02:11.262Z] <<< [apiv2][body] GET https://serviceusage.googleapis.com/v1/projects/tetris-42105177-fd88b/services/cloudresourcemanager.googleapis.com [omitted]
[debug] [2026-02-04T15:02:11.272Z] No OAuth tokens found
[debug] [2026-02-04T15:02:11.272Z] No OAuth tokens found
[debug] [2026-02-04T15:02:11.273Z] > command requires scopes: ["email","openid","https://www.googleapis.com/auth/cloudplatformprojects.readonly","https://www.googleapis.com/auth/firebase","https://www.googleapis.com/auth/cloud-platform","https://www.googleapis.com/auth/userinfo.email"]
[debug] [2026-02-04T15:02:11.273Z] > authorizing via signed-in user (son2web@gmail.com)
[debug] [2026-02-04T15:02:11.273Z] >>> [apiv2][query] GET https://cloudresourcemanager.googleapis.com/v1/projects/tetris-42105177-fd88b [none]
[debug] [2026-02-04T15:02:12.079Z] <<< [apiv2][status] GET https://cloudresourcemanager.googleapis.com/v1/projects/tetris-42105177-fd88b 200
[debug] [2026-02-04T15:02:12.079Z] <<< [apiv2][body] GET https://cloudresourcemanager.googleapis.com/v1/projects/tetris-42105177-fd88b {"projectNumber":"46193474238","projectId":"tetris-42105177-fd88b","lifecycleState":"ACTIVE","name":"Firebase app","labels":{"firebase":"enabled","firebase-core":"disabled"},"createTime":"2026-02-04T14:28:42.164890Z"}
[info] Updating Studio Workspace active project to match Firebase CLI 'tetris-42105177-fd88b'
[error] Failed to update Firebase Project for Studio Workspace because WORKSPACE_SLUG environment variable is empty
[info] Now using project tetris-42105177-fd88b
[error] Failed to fetch Firebase Project from Studio Workspace because WORKSPACE_SLUG environment variable is empty
[error] Failed to fetch Firebase Project from Studio Workspace because WORKSPACE_SLUG environment variable is empty
[error] Failed to fetch Firebase Project from Studio Workspace because WORKSPACE_SLUG environment variable is empty
[error] Failed to fetch Firebase Project from Studio Workspace because WORKSPACE_SLUG environment variable is empty
[debug] [2026-02-04T15:07:09.122Z] > command requires scopes: ["email","openid","https://www.googleapis.com/auth/cloudplatformprojects.readonly","https://www.googleapis.com/auth/firebase","https://www.googleapis.com/auth/cloud-platform","https://www.googleapis.com/auth/userinfo.email"]
[debug] [2026-02-04T15:07:09.123Z] > authorizing via signed-in user (son2web@gmail.com)
[debug] [2026-02-04T15:07:09.126Z] No OAuth tokens found
[debug] [2026-02-04T15:07:09.127Z] No OAuth tokens found
[debug] [2026-02-04T15:07:09.127Z] > command requires scopes: ["email","openid","https://www.googleapis.com/auth/cloudplatformprojects.readonly","https://www.googleapis.com/auth/firebase","https://www.googleapis.com/auth/cloud-platform","https://www.googleapis.com/auth/userinfo.email"]
[debug] [2026-02-04T15:07:09.127Z] > authorizing via signed-in user (son2web@gmail.com)
[debug] [2026-02-04T15:07:09.127Z] > command requires scopes: ["email","openid","https://www.googleapis.com/auth/cloudplatformprojects.readonly","https://www.googleapis.com/auth/firebase","https://www.googleapis.com/auth/cloud-platform","https://www.googleapis.com/auth/userinfo.email"]
[debug] [2026-02-04T15:07:09.128Z] > authorizing via signed-in user (son2web@gmail.com)
[debug] [2026-02-04T15:07:09.128Z] No OAuth tokens found
[debug] [2026-02-04T15:07:09.128Z] No OAuth tokens found
[debug] [2026-02-04T15:07:09.129Z] > command requires scopes: ["email","openid","https://www.googleapis.com/auth/cloudplatformprojects.readonly","https://www.googleapis.com/auth/firebase","https://www.googleapis.com/auth/cloud-platform","https://www.googleapis.com/auth/userinfo.email"]
[debug] [2026-02-04T15:07:09.129Z] > authorizing via signed-in user (son2web@gmail.com)
[debug] [2026-02-04T15:07:09.130Z] >>> [apiv2][query] GET https://cloudbilling.googleapis.com/v1/projects/tetris-42105177-fd88b/billingInfo [none]
[debug] [2026-02-04T15:07:09.164Z] >>> [apiv2][query] GET https://cloudbilling.googleapis.com/v1/projects/tetris-42105177-fd88b/billingInfo [none]
[debug] [2026-02-04T15:07:09.405Z] <<< [apiv2][status] GET https://cloudbilling.googleapis.com/v1/projects/tetris-42105177-fd88b/billingInfo 200
[debug] [2026-02-04T15:07:09.406Z] <<< [apiv2][body] GET https://cloudbilling.googleapis.com/v1/projects/tetris-42105177-fd88b/billingInfo {"name":"projects/tetris-42105177-fd88b/billingInfo","projectId":"tetris-42105177-fd88b","billingAccountName":"","billingEnabled":false}
[debug] [2026-02-04T15:07:09.416Z] No OAuth tokens found
[debug] [2026-02-04T15:07:09.416Z] No OAuth tokens found
[debug] [2026-02-04T15:07:09.416Z] > command requires scopes: ["email","openid","https://www.googleapis.com/auth/cloudplatformprojects.readonly","https://www.googleapis.com/auth/firebase","https://www.googleapis.com/auth/cloud-platform","https://www.googleapis.com/auth/userinfo.email"]
[debug] [2026-02-04T15:07:09.417Z] > authorizing via signed-in user (son2web@gmail.com)
[debug] [2026-02-04T15:07:09.417Z] No OAuth tokens found
[debug] [2026-02-04T15:07:09.417Z] No OAuth tokens found
[debug] [2026-02-04T15:07:09.417Z] > command requires scopes: ["email","openid","https://www.googleapis.com/auth/cloudplatformprojects.readonly","https://www.googleapis.com/auth/firebase","https://www.googleapis.com/auth/cloud-platform","https://www.googleapis.com/auth/userinfo.email"]
[debug] [2026-02-04T15:07:09.417Z] > authorizing via signed-in user (son2web@gmail.com)
[debug] [2026-02-04T15:07:09.418Z] No OAuth tokens found
[debug] [2026-02-04T15:07:09.418Z] No OAuth tokens found
[debug] [2026-02-04T15:07:09.418Z] > command requires scopes: ["email","openid","https://www.googleapis.com/auth/cloudplatformprojects.readonly","https://www.googleapis.com/auth/firebase","https://www.googleapis.com/auth/cloud-platform","https://www.googleapis.com/auth/userinfo.email"]
[debug] [2026-02-04T15:07:09.418Z] > authorizing via signed-in user (son2web@gmail.com)
[debug] [2026-02-04T15:07:09.419Z] No OAuth tokens found
[debug] [2026-02-04T15:07:09.419Z] No OAuth tokens found
[debug] [2026-02-04T15:07:09.419Z] > command requires scopes: ["email","openid","https://www.googleapis.com/auth/cloudplatformprojects.readonly","https://www.googleapis.com/auth/firebase","https://www.googleapis.com/auth/cloud-platform","https://www.googleapis.com/auth/userinfo.email"]
[debug] [2026-02-04T15:07:09.419Z] > authorizing via signed-in user (son2web@gmail.com)
[debug] [2026-02-04T15:07:09.420Z] No OAuth tokens found
[debug] [2026-02-04T15:07:09.420Z] No OAuth tokens found
[debug] [2026-02-04T15:07:09.420Z] > command requires scopes: ["email","openid","https://www.googleapis.com/auth/cloudplatformprojects.readonly","https://www.googleapis.com/auth/firebase","https://www.googleapis.com/auth/cloud-platform","https://www.googleapis.com/auth/userinfo.email"]
[debug] [2026-02-04T15:07:09.420Z] > authorizing via signed-in user (son2web@gmail.com)
[debug] [2026-02-04T15:07:09.420Z] No OAuth tokens found
[debug] [2026-02-04T15:07:09.421Z] No OAuth tokens found
[debug] [2026-02-04T15:07:09.421Z] > command requires scopes: ["email","openid","https://www.googleapis.com/auth/cloudplatformprojects.readonly","https://www.googleapis.com/auth/firebase","https://www.googleapis.com/auth/cloud-platform","https://www.googleapis.com/auth/userinfo.email"]
[debug] [2026-02-04T15:07:09.421Z] > authorizing via signed-in user (son2web@gmail.com)
[debug] [2026-02-04T15:07:09.421Z] No OAuth tokens found
[debug] [2026-02-04T15:07:09.421Z] No OAuth tokens found
[debug] [2026-02-04T15:07:09.421Z] > command requires scopes: ["email","openid","https://www.googleapis.com/auth/cloudplatformprojects.readonly","https://www.googleapis.com/auth/firebase","https://www.googleapis.com/auth/cloud-platform","https://www.googleapis.com/auth/userinfo.email"]
[debug] [2026-02-04T15:07:09.421Z] > authorizing via signed-in user (son2web@gmail.com)
[debug] [2026-02-04T15:07:09.439Z] No OAuth tokens found
[debug] [2026-02-04T15:07:09.439Z] No OAuth tokens found
[debug] [2026-02-04T15:07:09.439Z] > command requires scopes: ["email","openid","https://www.googleapis.com/auth/cloudplatformprojects.readonly","https://www.googleapis.com/auth/firebase","https://www.googleapis.com/auth/cloud-platform","https://www.googleapis.com/auth/userinfo.email"]
[debug] [2026-02-04T15:07:09.439Z] > authorizing via signed-in user (son2web@gmail.com)
[debug] [2026-02-04T15:07:09.439Z] No OAuth tokens found
[debug] [2026-02-04T15:07:09.439Z] No OAuth tokens found
[debug] [2026-02-04T15:07:09.440Z] > command requires scopes: ["email","openid","https://www.googleapis.com/auth/cloudplatformprojects.readonly","https://www.googleapis.com/auth/firebase","https://www.googleapis.com/auth/cloud-platform","https://www.googleapis.com/auth/userinfo.email"]
[debug] [2026-02-04T15:07:09.440Z] > authorizing via signed-in user (son2web@gmail.com)
[debug] [2026-02-04T15:07:09.440Z] >>> [apiv2][query] GET https://serviceusage.googleapis.com/v1/projects/tetris-42105177-fd88b/services/firestore.googleapis.com [none]
[debug] [2026-02-04T15:07:09.440Z] >>> [apiv2][(partial)header] GET https://serviceusage.googleapis.com/v1/projects/tetris-42105177-fd88b/services/firestore.googleapis.com  x-goog-user-project=tetris-42105177-fd88b
[debug] [2026-02-04T15:07:09.442Z] >>> [apiv2][query] GET https://serviceusage.googleapis.com/v1/projects/tetris-42105177-fd88b/services/storage.googleapis.com [none]
[debug] [2026-02-04T15:07:09.442Z] >>> [apiv2][(partial)header] GET https://serviceusage.googleapis.com/v1/projects/tetris-42105177-fd88b/services/storage.googleapis.com  x-goog-user-project=tetris-42105177-fd88b
[debug] [2026-02-04T15:07:09.444Z] >>> [apiv2][query] GET https://serviceusage.googleapis.com/v1/projects/tetris-42105177-fd88b/services/firebasedataconnect.googleapis.com [none]
[debug] [2026-02-04T15:07:09.444Z] >>> [apiv2][(partial)header] GET https://serviceusage.googleapis.com/v1/projects/tetris-42105177-fd88b/services/firebasedataconnect.googleapis.com  x-goog-user-project=tetris-42105177-fd88b
[debug] [2026-02-04T15:07:09.445Z] >>> [apiv2][query] GET https://serviceusage.googleapis.com/v1/projects/tetris-42105177-fd88b/services/identitytoolkit.googleapis.com [none]
[debug] [2026-02-04T15:07:09.446Z] >>> [apiv2][(partial)header] GET https://serviceusage.googleapis.com/v1/projects/tetris-42105177-fd88b/services/identitytoolkit.googleapis.com  x-goog-user-project=tetris-42105177-fd88b
[debug] [2026-02-04T15:07:09.448Z] >>> [apiv2][query] GET https://serviceusage.googleapis.com/v1/projects/tetris-42105177-fd88b/services/fcm.googleapis.com [none]
[debug] [2026-02-04T15:07:09.448Z] >>> [apiv2][(partial)header] GET https://serviceusage.googleapis.com/v1/projects/tetris-42105177-fd88b/services/fcm.googleapis.com  x-goog-user-project=tetris-42105177-fd88b
[debug] [2026-02-04T15:07:09.449Z] >>> [apiv2][query] GET https://serviceusage.googleapis.com/v1/projects/tetris-42105177-fd88b/services/cloudfunctions.googleapis.com [none]
[debug] [2026-02-04T15:07:09.450Z] >>> [apiv2][(partial)header] GET https://serviceusage.googleapis.com/v1/projects/tetris-42105177-fd88b/services/cloudfunctions.googleapis.com  x-goog-user-project=tetris-42105177-fd88b
[debug] [2026-02-04T15:07:09.451Z] >>> [apiv2][query] GET https://serviceusage.googleapis.com/v1/projects/tetris-42105177-fd88b/services/firebaseremoteconfig.googleapis.com [none]
[debug] [2026-02-04T15:07:09.451Z] >>> [apiv2][(partial)header] GET https://serviceusage.googleapis.com/v1/projects/tetris-42105177-fd88b/services/firebaseremoteconfig.googleapis.com  x-goog-user-project=tetris-42105177-fd88b
[debug] [2026-02-04T15:07:09.453Z] >>> [apiv2][query] GET https://serviceusage.googleapis.com/v1/projects/tetris-42105177-fd88b/services/firebaseapphosting.googleapis.com [none]
[debug] [2026-02-04T15:07:09.453Z] >>> [apiv2][(partial)header] GET https://serviceusage.googleapis.com/v1/projects/tetris-42105177-fd88b/services/firebaseapphosting.googleapis.com  x-goog-user-project=tetris-42105177-fd88b
[debug] [2026-02-04T15:07:09.454Z] >>> [apiv2][query] GET https://serviceusage.googleapis.com/v1/projects/tetris-42105177-fd88b/services/firebaseio.com [none]
[debug] [2026-02-04T15:07:09.455Z] >>> [apiv2][(partial)header] GET https://serviceusage.googleapis.com/v1/projects/tetris-42105177-fd88b/services/firebaseio.com  x-goog-user-project=tetris-42105177-fd88b
[debug] [2026-02-04T15:07:09.506Z] <<< [apiv2][status] GET https://cloudbilling.googleapis.com/v1/projects/tetris-42105177-fd88b/billingInfo 200
[debug] [2026-02-04T15:07:09.507Z] <<< [apiv2][body] GET https://cloudbilling.googleapis.com/v1/projects/tetris-42105177-fd88b/billingInfo {"name":"projects/tetris-42105177-fd88b/billingInfo","projectId":"tetris-42105177-fd88b","billingAccountName":"","billingEnabled":false}
[debug] [2026-02-04T15:07:09.508Z] No OAuth tokens found
[debug] [2026-02-04T15:07:09.508Z] No OAuth tokens found
[debug] [2026-02-04T15:07:09.508Z] > command requires scopes: ["email","openid","https://www.googleapis.com/auth/cloudplatformprojects.readonly","https://www.googleapis.com/auth/firebase","https://www.googleapis.com/auth/cloud-platform","https://www.googleapis.com/auth/userinfo.email"]
[debug] [2026-02-04T15:07:09.508Z] > authorizing via signed-in user (son2web@gmail.com)
[debug] [2026-02-04T15:07:09.508Z] No OAuth tokens found
[debug] [2026-02-04T15:07:09.508Z] No OAuth tokens found
[debug] [2026-02-04T15:07:09.509Z] > command requires scopes: ["email","openid","https://www.googleapis.com/auth/cloudplatformprojects.readonly","https://www.googleapis.com/auth/firebase","https://www.googleapis.com/auth/cloud-platform","https://www.googleapis.com/auth/userinfo.email"]
[debug] [2026-02-04T15:07:09.509Z] > authorizing via signed-in user (son2web@gmail.com)
[debug] [2026-02-04T15:07:09.509Z] No OAuth tokens found
[debug] [2026-02-04T15:07:09.509Z] No OAuth tokens found
[debug] [2026-02-04T15:07:09.509Z] > command requires scopes: ["email","openid","https://www.googleapis.com/auth/cloudplatformprojects.readonly","https://www.googleapis.com/auth/firebase","https://www.googleapis.com/auth/cloud-platform","https://www.googleapis.com/auth/userinfo.email"]
[debug] [2026-02-04T15:07:09.510Z] > authorizing via signed-in user (son2web@gmail.com)
[debug] [2026-02-04T15:07:09.510Z] No OAuth tokens found
[debug] [2026-02-04T15:07:09.510Z] No OAuth tokens found
[debug] [2026-02-04T15:07:09.510Z] > command requires scopes: ["email","openid","https://www.googleapis.com/auth/cloudplatformprojects.readonly","https://www.googleapis.com/auth/firebase","https://www.googleapis.com/auth/cloud-platform","https://www.googleapis.com/auth/userinfo.email"]
[debug] [2026-02-04T15:07:09.510Z] > authorizing via signed-in user (son2web@gmail.com)
[debug] [2026-02-04T15:07:09.510Z] No OAuth tokens found
[debug] [2026-02-04T15:07:09.510Z] No OAuth tokens found
[debug] [2026-02-04T15:07:09.511Z] > command requires scopes: ["email","openid","https://www.googleapis.com/auth/cloudplatformprojects.readonly","https://www.googleapis.com/auth/firebase","https://www.googleapis.com/auth/cloud-platform","https://www.googleapis.com/auth/userinfo.email"]
[debug] [2026-02-04T15:07:09.511Z] > authorizing via signed-in user (son2web@gmail.com)
[debug] [2026-02-04T15:07:09.511Z] No OAuth tokens found
[debug] [2026-02-04T15:07:09.511Z] No OAuth tokens found
[debug] [2026-02-04T15:07:09.511Z] > command requires scopes: ["email","openid","https://www.googleapis.com/auth/cloudplatformprojects.readonly","https://www.googleapis.com/auth/firebase","https://www.googleapis.com/auth/cloud-platform","https://www.googleapis.com/auth/userinfo.email"]
[debug] [2026-02-04T15:07:09.511Z] > authorizing via signed-in user (son2web@gmail.com)
[debug] [2026-02-04T15:07:09.512Z] No OAuth tokens found
[debug] [2026-02-04T15:07:09.512Z] No OAuth tokens found
[debug] [2026-02-04T15:07:09.512Z] > command requires scopes: ["email","openid","https://www.googleapis.com/auth/cloudplatformprojects.readonly","https://www.googleapis.com/auth/firebase","https://www.googleapis.com/auth/cloud-platform","https://www.googleapis.com/auth/userinfo.email"]
[debug] [2026-02-04T15:07:09.512Z] > authorizing via signed-in user (son2web@gmail.com)
[debug] [2026-02-04T15:07:09.519Z] No OAuth tokens found
[debug] [2026-02-04T15:07:09.519Z] No OAuth tokens found
[debug] [2026-02-04T15:07:09.519Z] > command requires scopes: ["email","openid","https://www.googleapis.com/auth/cloudplatformprojects.readonly","https://www.googleapis.com/auth/firebase","https://www.googleapis.com/auth/cloud-platform","https://www.googleapis.com/auth/userinfo.email"]
[debug] [2026-02-04T15:07:09.519Z] > authorizing via signed-in user (son2web@gmail.com)
[debug] [2026-02-04T15:07:09.519Z] No OAuth tokens found
[debug] [2026-02-04T15:07:09.519Z] No OAuth tokens found
[debug] [2026-02-04T15:07:09.520Z] > command requires scopes: ["email","openid","https://www.googleapis.com/auth/cloudplatformprojects.readonly","https://www.googleapis.com/auth/firebase","https://www.googleapis.com/auth/cloud-platform","https://www.googleapis.com/auth/userinfo.email"]
[debug] [2026-02-04T15:07:09.520Z] > authorizing via signed-in user (son2web@gmail.com)
[debug] [2026-02-04T15:07:09.520Z] >>> [apiv2][query] GET https://serviceusage.googleapis.com/v1/projects/tetris-42105177-fd88b/services/firestore.googleapis.com [none]
[debug] [2026-02-04T15:07:09.520Z] >>> [apiv2][(partial)header] GET https://serviceusage.googleapis.com/v1/projects/tetris-42105177-fd88b/services/firestore.googleapis.com  x-goog-user-project=tetris-42105177-fd88b
[debug] [2026-02-04T15:07:09.522Z] >>> [apiv2][query] GET https://serviceusage.googleapis.com/v1/projects/tetris-42105177-fd88b/services/storage.googleapis.com [none]
[debug] [2026-02-04T15:07:09.522Z] >>> [apiv2][(partial)header] GET https://serviceusage.googleapis.com/v1/projects/tetris-42105177-fd88b/services/storage.googleapis.com  x-goog-user-project=tetris-42105177-fd88b
[debug] [2026-02-04T15:07:09.524Z] >>> [apiv2][query] GET https://serviceusage.googleapis.com/v1/projects/tetris-42105177-fd88b/services/firebasedataconnect.googleapis.com [none]
[debug] [2026-02-04T15:07:09.525Z] >>> [apiv2][(partial)header] GET https://serviceusage.googleapis.com/v1/projects/tetris-42105177-fd88b/services/firebasedataconnect.googleapis.com  x-goog-user-project=tetris-42105177-fd88b
[debug] [2026-02-04T15:07:09.526Z] >>> [apiv2][query] GET https://serviceusage.googleapis.com/v1/projects/tetris-42105177-fd88b/services/identitytoolkit.googleapis.com [none]
[debug] [2026-02-04T15:07:09.526Z] >>> [apiv2][(partial)header] GET https://serviceusage.googleapis.com/v1/projects/tetris-42105177-fd88b/services/identitytoolkit.googleapis.com  x-goog-user-project=tetris-42105177-fd88b
[debug] [2026-02-04T15:07:09.528Z] >>> [apiv2][query] GET https://serviceusage.googleapis.com/v1/projects/tetris-42105177-fd88b/services/fcm.googleapis.com [none]
[debug] [2026-02-04T15:07:09.528Z] >>> [apiv2][(partial)header] GET https://serviceusage.googleapis.com/v1/projects/tetris-42105177-fd88b/services/fcm.googleapis.com  x-goog-user-project=tetris-42105177-fd88b
[debug] [2026-02-04T15:07:09.529Z] >>> [apiv2][query] GET https://serviceusage.googleapis.com/v1/projects/tetris-42105177-fd88b/services/cloudfunctions.googleapis.com [none]
[debug] [2026-02-04T15:07:09.529Z] >>> [apiv2][(partial)header] GET https://serviceusage.googleapis.com/v1/projects/tetris-42105177-fd88b/services/cloudfunctions.googleapis.com  x-goog-user-project=tetris-42105177-fd88b
[debug] [2026-02-04T15:07:09.531Z] >>> [apiv2][query] GET https://serviceusage.googleapis.com/v1/projects/tetris-42105177-fd88b/services/firebaseremoteconfig.googleapis.com [none]
[debug] [2026-02-04T15:07:09.531Z] >>> [apiv2][(partial)header] GET https://serviceusage.googleapis.com/v1/projects/tetris-42105177-fd88b/services/firebaseremoteconfig.googleapis.com  x-goog-user-project=tetris-42105177-fd88b
[debug] [2026-02-04T15:07:09.532Z] >>> [apiv2][query] GET https://serviceusage.googleapis.com/v1/projects/tetris-42105177-fd88b/services/firebaseapphosting.googleapis.com [none]
[debug] [2026-02-04T15:07:09.532Z] >>> [apiv2][(partial)header] GET https://serviceusage.googleapis.com/v1/projects/tetris-42105177-fd88b/services/firebaseapphosting.googleapis.com  x-goog-user-project=tetris-42105177-fd88b
[debug] [2026-02-04T15:07:09.533Z] >>> [apiv2][query] GET https://serviceusage.googleapis.com/v1/projects/tetris-42105177-fd88b/services/firebaseio.com [none]
[debug] [2026-02-04T15:07:09.533Z] >>> [apiv2][(partial)header] GET https://serviceusage.googleapis.com/v1/projects/tetris-42105177-fd88b/services/firebaseio.com  x-goog-user-project=tetris-42105177-fd88b
[debug] [2026-02-04T15:07:10.464Z] <<< [apiv2][status] GET https://serviceusage.googleapis.com/v1/projects/tetris-42105177-fd88b/services/firebaseio.com 403
[debug] [2026-02-04T15:07:10.465Z] <<< [apiv2][body] GET https://serviceusage.googleapis.com/v1/projects/tetris-42105177-fd88b/services/firebaseio.com [omitted]
[debug] [2026-02-04T15:07:10.493Z] <<< [apiv2][status] GET https://serviceusage.googleapis.com/v1/projects/tetris-42105177-fd88b/services/cloudfunctions.googleapis.com 200
[debug] [2026-02-04T15:07:10.493Z] <<< [apiv2][body] GET https://serviceusage.googleapis.com/v1/projects/tetris-42105177-fd88b/services/cloudfunctions.googleapis.com [omitted]
[debug] [2026-02-04T15:07:10.498Z] <<< [apiv2][status] GET https://serviceusage.googleapis.com/v1/projects/tetris-42105177-fd88b/services/firebaseremoteconfig.googleapis.com 200
[debug] [2026-02-04T15:07:10.498Z] <<< [apiv2][body] GET https://serviceusage.googleapis.com/v1/projects/tetris-42105177-fd88b/services/firebaseremoteconfig.googleapis.com [omitted]
[debug] [2026-02-04T15:07:10.510Z] <<< [apiv2][status] GET https://serviceusage.googleapis.com/v1/projects/tetris-42105177-fd88b/services/storage.googleapis.com 200
[debug] [2026-02-04T15:07:10.511Z] <<< [apiv2][body] GET https://serviceusage.googleapis.com/v1/projects/tetris-42105177-fd88b/services/storage.googleapis.com [omitted]
[debug] [2026-02-04T15:07:10.526Z] <<< [apiv2][status] GET https://serviceusage.googleapis.com/v1/projects/tetris-42105177-fd88b/services/firebasedataconnect.googleapis.com 200
[debug] [2026-02-04T15:07:10.527Z] <<< [apiv2][body] GET https://serviceusage.googleapis.com/v1/projects/tetris-42105177-fd88b/services/firebasedataconnect.googleapis.com [omitted]
[debug] [2026-02-04T15:07:10.528Z] <<< [apiv2][status] GET https://serviceusage.googleapis.com/v1/projects/tetris-42105177-fd88b/services/identitytoolkit.googleapis.com 200
[debug] [2026-02-04T15:07:10.528Z] <<< [apiv2][body] GET https://serviceusage.googleapis.com/v1/projects/tetris-42105177-fd88b/services/identitytoolkit.googleapis.com [omitted]
[debug] [2026-02-04T15:07:10.547Z] <<< [apiv2][status] GET https://serviceusage.googleapis.com/v1/projects/tetris-42105177-fd88b/services/firebaseapphosting.googleapis.com 200
[debug] [2026-02-04T15:07:10.547Z] <<< [apiv2][body] GET https://serviceusage.googleapis.com/v1/projects/tetris-42105177-fd88b/services/firebaseapphosting.googleapis.com [omitted]
[debug] [2026-02-04T15:07:10.549Z] <<< [apiv2][status] GET https://serviceusage.googleapis.com/v1/projects/tetris-42105177-fd88b/services/firebaseio.com 403
[debug] [2026-02-04T15:07:10.549Z] <<< [apiv2][body] GET https://serviceusage.googleapis.com/v1/projects/tetris-42105177-fd88b/services/firebaseio.com [omitted]
[debug] [2026-02-04T15:07:10.557Z] <<< [apiv2][status] GET https://serviceusage.googleapis.com/v1/projects/tetris-42105177-fd88b/services/storage.googleapis.com 200
[debug] [2026-02-04T15:07:10.558Z] <<< [apiv2][body] GET https://serviceusage.googleapis.com/v1/projects/tetris-42105177-fd88b/services/storage.googleapis.com [omitted]
[debug] [2026-02-04T15:07:10.570Z] <<< [apiv2][status] GET https://serviceusage.googleapis.com/v1/projects/tetris-42105177-fd88b/services/firebaseremoteconfig.googleapis.com 200
[debug] [2026-02-04T15:07:10.570Z] <<< [apiv2][body] GET https://serviceusage.googleapis.com/v1/projects/tetris-42105177-fd88b/services/firebaseremoteconfig.googleapis.com [omitted]
[debug] [2026-02-04T15:07:10.578Z] <<< [apiv2][status] GET https://serviceusage.googleapis.com/v1/projects/tetris-42105177-fd88b/services/firestore.googleapis.com 200
[debug] [2026-02-04T15:07:10.578Z] <<< [apiv2][body] GET https://serviceusage.googleapis.com/v1/projects/tetris-42105177-fd88b/services/firestore.googleapis.com [omitted]
[debug] [2026-02-04T15:07:10.612Z] <<< [apiv2][status] GET https://serviceusage.googleapis.com/v1/projects/tetris-42105177-fd88b/services/firebasedataconnect.googleapis.com 200
[debug] [2026-02-04T15:07:10.613Z] <<< [apiv2][body] GET https://serviceusage.googleapis.com/v1/projects/tetris-42105177-fd88b/services/firebasedataconnect.googleapis.com [omitted]
[debug] [2026-02-04T15:07:10.616Z] <<< [apiv2][status] GET https://serviceusage.googleapis.com/v1/projects/tetris-42105177-fd88b/services/firebaseapphosting.googleapis.com 200
[debug] [2026-02-04T15:07:10.617Z] <<< [apiv2][body] GET https://serviceusage.googleapis.com/v1/projects/tetris-42105177-fd88b/services/firebaseapphosting.googleapis.com [omitted]
[debug] [2026-02-04T15:07:10.619Z] <<< [apiv2][status] GET https://serviceusage.googleapis.com/v1/projects/tetris-42105177-fd88b/services/fcm.googleapis.com 200
[debug] [2026-02-04T15:07:10.620Z] <<< [apiv2][body] GET https://serviceusage.googleapis.com/v1/projects/tetris-42105177-fd88b/services/fcm.googleapis.com [omitted]
[debug] [2026-02-04T15:07:10.631Z] <<< [apiv2][status] GET https://serviceusage.googleapis.com/v1/projects/tetris-42105177-fd88b/services/fcm.googleapis.com 200
[debug] [2026-02-04T15:07:10.631Z] <<< [apiv2][body] GET https://serviceusage.googleapis.com/v1/projects/tetris-42105177-fd88b/services/fcm.googleapis.com [omitted]
[debug] [2026-02-04T15:07:10.640Z] <<< [apiv2][status] GET https://serviceusage.googleapis.com/v1/projects/tetris-42105177-fd88b/services/identitytoolkit.googleapis.com 200
[debug] [2026-02-04T15:07:10.640Z] <<< [apiv2][body] GET https://serviceusage.googleapis.com/v1/projects/tetris-42105177-fd88b/services/identitytoolkit.googleapis.com [omitted]
[debug] [2026-02-04T15:07:10.651Z] <<< [apiv2][status] GET https://serviceusage.googleapis.com/v1/projects/tetris-42105177-fd88b/services/firestore.googleapis.com 200
[debug] [2026-02-04T15:07:10.651Z] <<< [apiv2][body] GET https://serviceusage.googleapis.com/v1/projects/tetris-42105177-fd88b/services/firestore.googleapis.com [omitted]
[debug] [2026-02-04T15:07:10.657Z] <<< [apiv2][status] GET https://serviceusage.googleapis.com/v1/projects/tetris-42105177-fd88b/services/cloudfunctions.googleapis.com 200
[debug] [2026-02-04T15:07:10.657Z] <<< [apiv2][body] GET https://serviceusage.googleapis.com/v1/projects/tetris-42105177-fd88b/services/cloudfunctions.googleapis.com [omitted]
[error] Failed to fetch Firebase Project from Studio Workspace because WORKSPACE_SLUG environment variable is empty
[error] Failed to fetch Firebase Project from Studio Workspace because WORKSPACE_SLUG environment variable is empty
[error] Failed to fetch Firebase Project from Studio Workspace because WORKSPACE_SLUG environment variable is empty
[debug] [2026-02-04T15:07:10.665Z] > command requires scopes: ["email","openid","https://www.googleapis.com/auth/cloudplatformprojects.readonly","https://www.googleapis.com/auth/firebase","https://www.googleapis.com/auth/cloud-platform","https://www.googleapis.com/auth/userinfo.email"]
[debug] [2026-02-04T15:07:10.665Z] > authorizing via signed-in user (son2web@gmail.com)
[debug] [2026-02-04T15:07:10.665Z] No OAuth tokens found
[debug] [2026-02-04T15:07:10.665Z] No OAuth tokens found
[debug] [2026-02-04T15:07:10.665Z] > command requires scopes: ["email","openid","https://www.googleapis.com/auth/cloudplatformprojects.readonly","https://www.googleapis.com/auth/firebase","https://www.googleapis.com/auth/cloud-platform","https://www.googleapis.com/auth/userinfo.email"]
[debug] [2026-02-04T15:07:10.665Z] > authorizing via signed-in user (son2web@gmail.com)
[debug] [2026-02-04T15:07:10.666Z] >>> [apiv2][query] GET https://cloudbilling.googleapis.com/v1/projects/tetris-42105177-fd88b/billingInfo [none]
[debug] [2026-02-04T15:07:10.892Z] <<< [apiv2][status] GET https://cloudbilling.googleapis.com/v1/projects/tetris-42105177-fd88b/billingInfo 200
[debug] [2026-02-04T15:07:10.892Z] <<< [apiv2][body] GET https://cloudbilling.googleapis.com/v1/projects/tetris-42105177-fd88b/billingInfo {"name":"projects/tetris-42105177-fd88b/billingInfo","projectId":"tetris-42105177-fd88b","billingAccountName":"","billingEnabled":false}
[error] Failed to fetch Firebase Project from Studio Workspace because WORKSPACE_SLUG environment variable is empty
[debug] [2026-02-04T15:07:10.897Z] > command requires scopes: ["email","openid","https://www.googleapis.com/auth/cloudplatformprojects.readonly","https://www.googleapis.com/auth/firebase","https://www.googleapis.com/auth/cloud-platform","https://www.googleapis.com/auth/userinfo.email"]
[debug] [2026-02-04T15:07:10.897Z] > authorizing via signed-in user (son2web@gmail.com)
[error] Failed to fetch Firebase Project from Studio Workspace because WORKSPACE_SLUG environment variable is empty
[error] Failed to fetch Firebase Project from Studio Workspace because WORKSPACE_SLUG environment variable is empty
[error] Failed to fetch Firebase Project from Studio Workspace because WORKSPACE_SLUG environment variable is empty
[debug] [2026-02-04T15:07:10.921Z] > command requires scopes: ["email","openid","https://www.googleapis.com/auth/cloudplatformprojects.readonly","https://www.googleapis.com/auth/firebase","https://www.googleapis.com/auth/cloud-platform","https://www.googleapis.com/auth/userinfo.email"]
[debug] [2026-02-04T15:07:10.923Z] > authorizing via signed-in user (son2web@gmail.com)
[debug] [2026-02-04T15:07:10.923Z] No OAuth tokens found
[debug] [2026-02-04T15:07:10.923Z] No OAuth tokens found
[debug] [2026-02-04T15:07:10.923Z] > command requires scopes: ["email","openid","https://www.googleapis.com/auth/cloudplatformprojects.readonly","https://www.googleapis.com/auth/firebase","https://www.googleapis.com/auth/cloud-platform","https://www.googleapis.com/auth/userinfo.email"]
[debug] [2026-02-04T15:07:10.923Z] > authorizing via signed-in user (son2web@gmail.com)
[debug] [2026-02-04T15:07:10.923Z] >>> [apiv2][query] GET https://cloudbilling.googleapis.com/v1/projects/tetris-42105177-fd88b/billingInfo [none]
[error] Failed to fetch Firebase Project from Studio Workspace because WORKSPACE_SLUG environment variable is empty
[error] Failed to fetch Firebase Project from Studio Workspace because WORKSPACE_SLUG environment variable is empty
[error] Failed to fetch Firebase Project from Studio Workspace because WORKSPACE_SLUG environment variable is empty
[debug] [2026-02-04T15:07:10.931Z] > command requires scopes: ["email","openid","https://www.googleapis.com/auth/cloudplatformprojects.readonly","https://www.googleapis.com/auth/firebase","https://www.googleapis.com/auth/cloud-platform","https://www.googleapis.com/auth/userinfo.email"]
[debug] [2026-02-04T15:07:10.931Z] > authorizing via signed-in user (son2web@gmail.com)
[debug] [2026-02-04T15:07:10.931Z] No OAuth tokens found
[debug] [2026-02-04T15:07:10.932Z] No OAuth tokens found
[debug] [2026-02-04T15:07:10.932Z] > command requires scopes: ["email","openid","https://www.googleapis.com/auth/cloudplatformprojects.readonly","https://www.googleapis.com/auth/firebase","https://www.googleapis.com/auth/cloud-platform","https://www.googleapis.com/auth/userinfo.email"]
[debug] [2026-02-04T15:07:10.932Z] > authorizing via signed-in user (son2web@gmail.com)
[debug] [2026-02-04T15:07:10.932Z] >>> [apiv2][query] GET https://cloudbilling.googleapis.com/v1/projects/tetris-42105177-fd88b/billingInfo [none]
[debug] [2026-02-04T15:07:11.141Z] <<< [apiv2][status] GET https://cloudbilling.googleapis.com/v1/projects/tetris-42105177-fd88b/billingInfo 200
[debug] [2026-02-04T15:07:11.142Z] <<< [apiv2][body] GET https://cloudbilling.googleapis.com/v1/projects/tetris-42105177-fd88b/billingInfo {"name":"projects/tetris-42105177-fd88b/billingInfo","projectId":"tetris-42105177-fd88b","billingAccountName":"","billingEnabled":false}
[error] Failed to fetch Firebase Project from Studio Workspace because WORKSPACE_SLUG environment variable is empty
[debug] [2026-02-04T15:07:11.143Z] > command requires scopes: ["email","openid","https://www.googleapis.com/auth/cloudplatformprojects.readonly","https://www.googleapis.com/auth/firebase","https://www.googleapis.com/auth/cloud-platform","https://www.googleapis.com/auth/userinfo.email"]
[debug] [2026-02-04T15:07:11.143Z] > authorizing via signed-in user (son2web@gmail.com)
[debug] [2026-02-04T15:07:11.161Z] <<< [apiv2][status] GET https://cloudbilling.googleapis.com/v1/projects/tetris-42105177-fd88b/billingInfo 200
[debug] [2026-02-04T15:07:11.162Z] <<< [apiv2][body] GET https://cloudbilling.googleapis.com/v1/projects/tetris-42105177-fd88b/billingInfo {"name":"projects/tetris-42105177-fd88b/billingInfo","projectId":"tetris-42105177-fd88b","billingAccountName":"","billingEnabled":false}
[error] Failed to fetch Firebase Project from Studio Workspace because WORKSPACE_SLUG environment variable is empty
[debug] [2026-02-04T15:07:11.170Z] > command requires scopes: ["email","openid","https://www.googleapis.com/auth/cloudplatformprojects.readonly","https://www.googleapis.com/auth/firebase","https://www.googleapis.com/auth/cloud-platform","https://www.googleapis.com/auth/userinfo.email"]
[debug] [2026-02-04T15:07:11.170Z] > authorizing via signed-in user (son2web@gmail.com)
[error] Failed to fetch Firebase Project from Studio Workspace because WORKSPACE_SLUG environment variable is empty
[error] Failed to fetch Firebase Project from Studio Workspace because WORKSPACE_SLUG environment variable is empty
[error] Failed to fetch Firebase Project from Studio Workspace because WORKSPACE_SLUG environment variable is empty
[error] Failed to fetch Firebase Project from Studio Workspace because WORKSPACE_SLUG environment variable is empty
[debug] [2026-02-08T09:31:16.755Z] > command requires scopes: ["email","openid","https://www.googleapis.com/auth/cloudplatformprojects.readonly","https://www.googleapis.com/auth/firebase","https://www.googleapis.com/auth/cloud-platform","https://www.googleapis.com/auth/userinfo.email"]
[debug] [2026-02-08T09:31:16.760Z] > command requires scopes: ["email","openid","https://www.googleapis.com/auth/cloudplatformprojects.readonly","https://www.googleapis.com/auth/firebase","https://www.googleapis.com/auth/cloud-platform","https://www.googleapis.com/auth/userinfo.email"]
[error] Failed to fetch Firebase Project from Studio Workspace because WORKSPACE_SLUG environment variable is empty
[error] Failed to fetch Firebase Project from Studio Workspace because WORKSPACE_SLUG environment variable is empty
[error] Failed to fetch Firebase Project from Studio Workspace because WORKSPACE_SLUG environment variable is empty
[error] Failed to fetch Firebase Project from Studio Workspace because WORKSPACE_SLUG environment variable is empty
[debug] [2026-02-08T09:32:16.342Z] > command requires scopes: ["email","openid","https://www.googleapis.com/auth/cloudplatformprojects.readonly","https://www.googleapis.com/auth/firebase","https://www.googleapis.com/auth/cloud-platform","https://www.googleapis.com/auth/userinfo.email"]
[debug] [2026-02-08T09:32:16.342Z] > command requires scopes: ["email","openid","https://www.googleapis.com/auth/cloudplatformprojects.readonly","https://www.googleapis.com/auth/firebase","https://www.googleapis.com/auth/cloud-platform","https://www.googleapis.com/auth/userinfo.email"]
[debug] [2026-02-08T09:32:16.419Z] No OAuth tokens found
[debug] [2026-02-08T09:32:16.420Z] No OAuth tokens found
[debug] [2026-02-08T09:32:16.420Z] > command requires scopes: ["email","openid","https://www.googleapis.com/auth/cloudplatformprojects.readonly","https://www.googleapis.com/auth/firebase","https://www.googleapis.com/auth/cloud-platform","https://www.googleapis.com/auth/userinfo.email"]
[debug] [2026-02-08T09:32:16.421Z] No OAuth tokens found
[debug] [2026-02-08T09:32:16.421Z] No OAuth tokens found
[debug] [2026-02-08T09:32:16.421Z] > command requires scopes: ["email","openid","https://www.googleapis.com/auth/cloudplatformprojects.readonly","https://www.googleapis.com/auth/firebase","https://www.googleapis.com/auth/cloud-platform","https://www.googleapis.com/auth/userinfo.email"]
[debug] [2026-02-08T09:32:16.421Z] No OAuth tokens found
[debug] [2026-02-08T09:32:16.421Z] No OAuth tokens found
[debug] [2026-02-08T09:32:16.422Z] > command requires scopes: ["email","openid","https://www.googleapis.com/auth/cloudplatformprojects.readonly","https://www.googleapis.com/auth/firebase","https://www.googleapis.com/auth/cloud-platform","https://www.googleapis.com/auth/userinfo.email"]
[debug] [2026-02-08T09:32:16.422Z] No OAuth tokens found
[debug] [2026-02-08T09:32:16.422Z] No OAuth tokens found
[debug] [2026-02-08T09:32:16.422Z] > command requires scopes: ["email","openid","https://www.googleapis.com/auth/cloudplatformprojects.readonly","https://www.googleapis.com/auth/firebase","https://www.googleapis.com/auth/cloud-platform","https://www.googleapis.com/auth/userinfo.email"]
[error] Failed to fetch Firebase Project from Studio Workspace because WORKSPACE_SLUG environment variable is empty
[error] Failed to fetch Firebase Project from Studio Workspace because WORKSPACE_SLUG environment variable is empty
[error] Failed to fetch Firebase Project from Studio Workspace because WORKSPACE_SLUG environment variable is empty
[error] Failed to fetch Firebase Project from Studio Workspace because WORKSPACE_SLUG environment variable is empty
[debug] [2026-02-09T13:44:55.651Z] > command requires scopes: ["email","openid","https://www.googleapis.com/auth/cloudplatformprojects.readonly","https://www.googleapis.com/auth/firebase","https://www.googleapis.com/auth/cloud-platform","https://www.googleapis.com/auth/userinfo.email"]
[debug] [2026-02-09T13:44:55.654Z] > command requires scopes: ["email","openid","https://www.googleapis.com/auth/cloudplatformprojects.readonly","https://www.googleapis.com/auth/firebase","https://www.googleapis.com/auth/cloud-platform","https://www.googleapis.com/auth/userinfo.email"]
[error] Failed to fetch Firebase Project from Studio Workspace because WORKSPACE_SLUG environment variable is empty
[error] Failed to fetch Firebase Project from Studio Workspace because WORKSPACE_SLUG environment variable is empty
[error] Failed to fetch Firebase Project from Studio Workspace because WORKSPACE_SLUG environment variable is empty
[error] Failed to fetch Firebase Project from Studio Workspace because WORKSPACE_SLUG environment variable is empty
[debug] [2026-02-09T13:45:55.148Z] > command requires scopes: ["email","openid","https://www.googleapis.com/auth/cloudplatformprojects.readonly","https://www.googleapis.com/auth/firebase","https://www.googleapis.com/auth/cloud-platform","https://www.googleapis.com/auth/userinfo.email"]
[debug] [2026-02-09T13:45:55.148Z] > command requires scopes: ["email","openid","https://www.googleapis.com/auth/cloudplatformprojects.readonly","https://www.googleapis.com/auth/firebase","https://www.googleapis.com/auth/cloud-platform","https://www.googleapis.com/auth/userinfo.email"]
[debug] [2026-02-09T13:46:18.025Z] No OAuth tokens found
[debug] [2026-02-09T13:46:18.026Z] No OAuth tokens found
[debug] [2026-02-09T13:46:18.027Z] > command requires scopes: ["email","openid","https://www.googleapis.com/auth/cloudplatformprojects.readonly","https://www.googleapis.com/auth/firebase","https://www.googleapis.com/auth/cloud-platform","https://www.googleapis.com/auth/userinfo.email"]
[debug] [2026-02-09T13:46:18.027Z] No OAuth tokens found
[debug] [2026-02-09T13:46:18.027Z] No OAuth tokens found
[debug] [2026-02-09T13:46:18.028Z] > command requires scopes: ["email","openid","https://www.googleapis.com/auth/cloudplatformprojects.readonly","https://www.googleapis.com/auth/firebase","https://www.googleapis.com/auth/cloud-platform","https://www.googleapis.com/auth/userinfo.email"]
[debug] [2026-02-09T13:46:18.028Z] No OAuth tokens found
[debug] [2026-02-09T13:46:18.028Z] No OAuth tokens found
[debug] [2026-02-09T13:46:18.029Z] > command requires scopes: ["email","openid","https://www.googleapis.com/auth/cloudplatformprojects.readonly","https://www.googleapis.com/auth/firebase","https://www.googleapis.com/auth/cloud-platform","https://www.googleapis.com/auth/userinfo.email"]
[debug] [2026-02-09T13:46:18.029Z] No OAuth tokens found
[debug] [2026-02-09T13:46:18.029Z] No OAuth tokens found
[debug] [2026-02-09T13:46:18.029Z] > command requires scopes: ["email","openid","https://www.googleapis.com/auth/cloudplatformprojects.readonly","https://www.googleapis.com/auth/firebase","https://www.googleapis.com/auth/cloud-platform","https://www.googleapis.com/auth/userinfo.email"]
[error] Failed to fetch Firebase Project from Studio Workspace because WORKSPACE_SLUG environment variable is empty
[error] Failed to fetch Firebase Project from Studio Workspace because WORKSPACE_SLUG environment variable is empty
[error] Failed to fetch Firebase Project from Studio Workspace because WORKSPACE_SLUG environment variable is empty
[error] Failed to fetch Firebase Project from Studio Workspace because WORKSPACE_SLUG environment variable is empty
[debug] [2026-02-19T15:11:12.448Z] > command requires scopes: ["email","openid","https://www.googleapis.com/auth/cloudplatformprojects.readonly","https://www.googleapis.com/auth/firebase","https://www.googleapis.com/auth/cloud-platform","https://www.googleapis.com/auth/userinfo.email"]
[debug] [2026-02-19T15:11:12.450Z] > command requires scopes: ["email","openid","https://www.googleapis.com/auth/cloudplatformprojects.readonly","https://www.googleapis.com/auth/firebase","https://www.googleapis.com/auth/cloud-platform","https://www.googleapis.com/auth/userinfo.email"]
[error] Failed to fetch Firebase Project from Studio Workspace because WORKSPACE_SLUG environment variable is empty
[error] Failed to fetch Firebase Project from Studio Workspace because WORKSPACE_SLUG environment variable is empty
[error] Failed to fetch Firebase Project from Studio Workspace because WORKSPACE_SLUG environment variable is empty
[error] Failed to fetch Firebase Project from Studio Workspace because WORKSPACE_SLUG environment variable is empty
[debug] [2026-02-19T15:12:11.881Z] > command requires scopes: ["email","openid","https://www.googleapis.com/auth/cloudplatformprojects.readonly","https://www.googleapis.com/auth/firebase","https://www.googleapis.com/auth/cloud-platform","https://www.googleapis.com/auth/userinfo.email"]
[debug] [2026-02-19T15:12:11.882Z] > command requires scopes: ["email","openid","https://www.googleapis.com/auth/cloudplatformprojects.readonly","https://www.googleapis.com/auth/firebase","https://www.googleapis.com/auth/cloud-platform","https://www.googleapis.com/auth/userinfo.email"]
[debug] [2026-02-19T15:12:12.119Z] No OAuth tokens found
[debug] [2026-02-19T15:12:12.120Z] No OAuth tokens found
[debug] [2026-02-19T15:12:12.121Z] > command requires scopes: ["email","openid","https://www.googleapis.com/auth/cloudplatformprojects.readonly","https://www.googleapis.com/auth/firebase","https://www.googleapis.com/auth/cloud-platform","https://www.googleapis.com/auth/userinfo.email"]
[debug] [2026-02-19T15:12:12.124Z] No OAuth tokens found
[debug] [2026-02-19T15:12:12.124Z] No OAuth tokens found
[debug] [2026-02-19T15:12:12.124Z] > command requires scopes: ["email","openid","https://www.googleapis.com/auth/cloudplatformprojects.readonly","https://www.googleapis.com/auth/firebase","https://www.googleapis.com/auth/cloud-platform","https://www.googleapis.com/auth/userinfo.email"]
[debug] [2026-02-19T15:12:12.125Z] No OAuth tokens found
[debug] [2026-02-19T15:12:12.125Z] No OAuth tokens found
[debug] [2026-02-19T15:12:12.125Z] > command requires scopes: ["email","openid","https://www.googleapis.com/auth/cloudplatformprojects.readonly","https://www.googleapis.com/auth/firebase","https://www.googleapis.com/auth/cloud-platform","https://www.googleapis.com/auth/userinfo.email"]
[debug] [2026-02-19T15:12:12.130Z] No OAuth tokens found
[debug] [2026-02-19T15:12:12.130Z] No OAuth tokens found
[debug] [2026-02-19T15:12:12.130Z] > command requires scopes: ["email","openid","https://www.googleapis.com/auth/cloudplatformprojects.readonly","https://www.googleapis.com/auth/firebase","https://www.googleapis.com/auth/cloud-platform","https://www.googleapis.com/auth/userinfo.email"]
